REAL(5.2)
DIV
REAL(0.3)
ADD
REAL(.4)
SUB
REAL(1.0)
MULT
REAL(6.0)
