COMMENT

java -jar LexicalAnalysis.jar --file comment.mfl