LPAREN
INT(5)
NEQ
INT(3)
RPAREN
OR
LPAREN
INT(2)
EQ
INT(2)
RPAREN
