LPAREN
INT(5)
LT
INT(7)
RPAREN
AND
LPAREN
INT(7)
GT
INT(3)
RPAREN
